2026-10-02T11:13:10.5485350Z Current runner version: '2.337.0'
2026-10-02T11:13:10.5501540Z ##[group]Runner Image Provisioner
2026-10-02T11:13:10.5502090Z Hosted Compute Agent
2026-10-02T11:13:10.5502530Z Version: 20260828.587
2026-10-02T11:13:10.5503020Z Commit: abac92662cab4cc7352de4f9f9d2e2419aad9c29
2026-10-02T11:13:10.5503760Z Build Date: 2026-08-28T16:44:25Z
2026-10-02T11:13:10.5504570Z Worker ID: {ba36883a-0305-4c4e-afcd-e45a5b74ff88}
2026-10-02T11:13:10.5505160Z Azure Region: westus
2026-10-02T11:13:10.5505640Z ##[endgroup]
2026-10-02T11:13:10.5506770Z ##[group]Operating System
2026-10-02T11:13:10.5507170Z macOS
2026-10-02T11:13:10.5507530Z 15.7.9
2026-10-02T11:13:10.5507950Z 24G830
2026-10-02T11:13:10.5508380Z ##[endgroup]
2026-10-02T11:13:10.5508840Z ##[group]Runner Image
2026-10-02T11:13:10.5509270Z Image: macos-15-arm64
2026-10-02T11:13:10.5509650Z Version: 20260907.0337.1
2026-10-02T11:13:10.5510540Z Included Software: https://github.com/actions/runner-images/blob/macos-15-arm64/20260907.0337/images/macos/macos-15-arm64-Readme.md
2026-10-02T11:13:10.5511730Z Image Release: https://github.com/actions/runner-images/releases/tag/macos-15-arm64%2F20260907.0337
2026-10-02T11:13:10.5512680Z ##[endgroup]
2026-10-02T11:13:10.5513490Z ##[group]GITHUB_TOKEN Permissions
2026-10-02T11:13:10.5514760Z Contents: read
2026-10-02T11:13:10.5515370Z Metadata: read
2026-10-02T11:13:10.5515840Z ##[endgroup]
2026-10-02T11:13:10.5517540Z Secret source: Actions
2026-10-02T11:13:10.5518270Z Cache mode: write
2026-10-02T11:13:10.5518800Z Prepare workflow directory
2026-10-02T11:13:10.5862930Z Prepare all required actions
2026-10-02T11:13:10.5948970Z Getting action download info
2026-10-02T11:13:10.8029780Z Download action repository 'actions/checkout@11d5960a326750d5838078e36cf38b85af677262' (SHA:11d5960a326750d5838078e36cf38b85af677262)
2026-10-02T11:13:11.1636820Z Download action repository 'oven-sh/setup-bun@0c5077e51419868618aeaa5fe8019c62421857d6' (SHA:0c5077e51419868618aeaa5fe8019c62421857d6)
2026-10-02T11:13:12.1016110Z Complete job name: macos
2026-10-02T11:13:12.1577760Z ##[group]Run actions/checkout@11d5960a326750d5838078e36cf38b85af677262
2026-10-02T11:13:12.1578950Z with:
2026-10-02T11:13:12.1579560Z   repository: zubair-io/Sugar-Maple
2026-10-02T11:13:12.1585880Z   token: ***
2026-10-02T11:13:12.1586460Z   ssh-strict: true
2026-10-02T11:13:12.1587040Z   ssh-user: git
2026-10-02T11:13:12.1587740Z   persist-credentials: true
2026-10-02T11:13:12.1588410Z   clean: true
2026-10-02T11:13:12.1589010Z   sparse-checkout-cone-mode: true
2026-10-02T11:13:12.1589710Z   fetch-depth: 1
2026-10-02T11:13:12.1590280Z   fetch-tags: false
2026-10-02T11:13:12.1590880Z   show-progress: true
2026-10-02T11:13:12.1591480Z   lfs: false
2026-10-02T11:13:12.1592050Z   submodules: false
2026-10-02T11:13:12.1592670Z   set-safe-directory: true
2026-10-02T11:13:12.1593350Z   allow-unsafe-pr-checkout: false
2026-10-02T11:13:12.1594340Z ##[endgroup]
2026-10-02T11:13:12.4977420Z Syncing repository: zubair-io/Sugar-Maple
2026-10-02T11:13:12.4980980Z ##[group]Getting Git version info
2026-10-02T11:13:12.4982270Z Working directory is '/Users/runner/work/Sugar-Maple/Sugar-Maple'
2026-10-02T11:13:12.4983790Z [command]/opt/homebrew/bin/git version
2026-10-02T11:13:12.5611260Z git version 2.55.0
2026-10-02T11:13:12.5643910Z ##[endgroup]
2026-10-02T11:13:12.5659770Z Copying '/Users/runner/.gitconfig' to '/Users/runner/work/_temp/e4bee9d1-aa02-4826-9803-3a4ddb9b5e85/.gitconfig'
2026-10-02T11:13:12.5674560Z Temporarily overriding HOME='/Users/runner/work/_temp/e4bee9d1-aa02-4826-9803-3a4ddb9b5e85' before making global git config changes
2026-10-02T11:13:12.5676590Z Adding repository directory to the temporary git global config as a safe directory
2026-10-02T11:13:12.5683270Z [command]/opt/homebrew/bin/git config --global --add safe.directory /Users/runner/work/Sugar-Maple/Sugar-Maple
2026-10-02T11:13:12.5801540Z Deleting the contents of '/Users/runner/work/Sugar-Maple/Sugar-Maple'
2026-10-02T11:13:12.5806040Z ##[group]Initializing the repository
2026-10-02T11:13:12.5809070Z [command]/opt/homebrew/bin/git init /Users/runner/work/Sugar-Maple/Sugar-Maple
2026-10-02T11:13:12.6162820Z hint: Using 'master' as the name for the initial branch. This default branch name
2026-10-02T11:13:12.6173930Z hint: will change to "main" in Git 3.0. To configure the initial branch name
2026-10-02T11:13:12.6228650Z hint: to use in all of your new repositories, which will suppress this warning,
2026-10-02T11:13:12.6230180Z hint: call:
2026-10-02T11:13:12.6332920Z hint:
2026-10-02T11:13:12.6389830Z hint: 	git config --global init.defaultBranch <name>
2026-10-02T11:13:12.6420480Z hint:
2026-10-02T11:13:12.6421630Z hint: Names commonly chosen instead of 'master' are 'main', 'trunk' and
2026-10-02T11:13:12.6422960Z hint: 'development'. The just-created branch can be renamed via this command:
2026-10-02T11:13:12.6424070Z hint:
2026-10-02T11:13:12.6424730Z hint: 	git branch -m <name>
2026-10-02T11:13:12.6425490Z hint:
2026-10-02T11:13:12.6426450Z hint: Disable this message with "git config set advice.defaultBranchName false"
2026-10-02T11:13:12.6428240Z Initialized empty Git repository in /Users/runner/work/Sugar-Maple/Sugar-Maple/.git/
2026-10-02T11:13:12.6431200Z [command]/opt/homebrew/bin/git remote add origin https://github.com/zubair-io/Sugar-Maple
2026-10-02T11:13:12.6433760Z ##[endgroup]
2026-10-02T11:13:12.6434890Z ##[group]Disabling automatic garbage collection
2026-10-02T11:13:12.6435880Z [command]/opt/homebrew/bin/git config --local gc.auto 0
2026-10-02T11:13:12.6438170Z ##[endgroup]
2026-10-02T11:13:12.6439200Z ##[group]Setting up auth
2026-10-02T11:13:12.6440420Z [command]/opt/homebrew/bin/git config --local --name-only --get-regexp core\.sshCommand
2026-10-02T11:13:12.6504330Z [command]/opt/homebrew/bin/git submodule foreach --recursive sh -c "git config --local --name-only --get-regexp 'core\.sshCommand' && git config --local --unset-all 'core.sshCommand' || :"
2026-10-02T11:13:12.7804470Z [command]/opt/homebrew/bin/git config --local --name-only --get-regexp http\.https\:\/\/github\.com\/\.extraheader
2026-10-02T11:13:12.7871590Z [command]/opt/homebrew/bin/git submodule foreach --recursive sh -c "git config --local --name-only --get-regexp 'http\.https\:\/\/github\.com\/\.extraheader' && git config --local --unset-all 'http.https://github.com/.extraheader' || :"
2026-10-02T11:13:12.8790730Z [command]/opt/homebrew/bin/git config --local --name-only --get-regexp ^includeIf\.gitdir:
2026-10-02T11:13:12.8857900Z [command]/opt/homebrew/bin/git submodule foreach --recursive git config --local --show-origin --name-only --get-regexp remote.origin.url
2026-10-02T11:13:12.9714600Z [command]/opt/homebrew/bin/git config --local http.https://github.com/.extraheader AUTHORIZATION: basic ***
2026-10-02T11:13:12.9788570Z ##[endgroup]
2026-10-02T11:13:12.9791370Z ##[group]Fetching the repository
2026-10-02T11:13:12.9796060Z [command]/opt/homebrew/bin/git -c protocol.version=2 fetch --no-tags --prune --no-recurse-submodules --depth=1 origin +627554800fc70b2d213450269d2bdfa94ff3912e:refs/remotes/pull/85/merge
2026-10-02T11:13:15.5979530Z From https://github.com/zubair-io/Sugar-Maple
2026-10-02T11:13:15.6016390Z  * [new ref]         627554800fc70b2d213450269d2bdfa94ff3912e -> pull/85/merge
2026-10-02T11:13:15.6098700Z ##[endgroup]
2026-10-02T11:13:15.6099430Z ##[group]Determining the checkout info
2026-10-02T11:13:15.6108850Z ##[endgroup]
2026-10-02T11:13:15.6109690Z [command]/opt/homebrew/bin/git sparse-checkout disable
2026-10-02T11:13:15.6110950Z [command]/opt/homebrew/bin/git config --local --unset-all extensions.worktreeConfig
2026-10-02T11:13:15.6186500Z ##[group]Checking out the ref
2026-10-02T11:13:15.6188000Z [command]/opt/homebrew/bin/git checkout --progress --force refs/remotes/pull/85/merge
2026-10-02T11:13:16.1087740Z HEAD is now at 6275548 Merge b21199ffc1774cbe1803f363977ab62b3c32c94d into edd130af96c292c325792c6de9bb0ed8c19974d1
2026-10-02T11:13:16.1132460Z ##[endgroup]
2026-10-02T11:13:16.1275440Z [command]/opt/homebrew/bin/git log -1 --format=%H
2026-10-02T11:13:16.1464200Z 627554800fc70b2d213450269d2bdfa94ff3912e
2026-10-02T11:13:16.1811130Z ##[group]Run oven-sh/setup-bun@0c5077e51419868618aeaa5fe8019c62421857d6
2026-10-02T11:13:16.1811740Z with:
2026-10-02T11:13:16.1811980Z   bun-version: 1.4.2
2026-10-02T11:13:16.1812200Z   no-cache: false
2026-10-02T11:13:16.1814260Z   token: ***
2026-10-02T11:13:16.1814450Z ##[endgroup]
2026-10-02T11:13:16.5009430Z Cache hit for: bun-q9QmESoiI7cwLvhPM7UOBEdVaSY=
2026-10-02T11:13:16.8341230Z Received 23912748 of 23912748 (100.0%), 82.9 MBs/sec
2026-10-02T11:13:16.8345370Z Cache Size: ~23 MB (23912748 B)
2026-10-02T11:13:16.8421140Z [command]/opt/homebrew/bin/gtar -xf /Users/runner/work/_temp/d0b4fa99-6152-4d2f-abca-87912cf84c50/cache.tzst -P -C /Users/runner/work/Sugar-Maple/Sugar-Maple --delay-directory-restore --use-compress-program unzstd
2026-10-02T11:13:17.0624880Z Cache restored successfully
2026-10-02T11:13:17.0668200Z [command]/Users/runner/.bun/bin/bun --revision
2026-10-02T11:13:17.0817130Z 1.4.2+744846f84
2026-10-02T11:13:17.0824590Z Using a cached version of Bun: 1.4.2+744846f84
2026-10-02T11:13:17.1033970Z ##[group]Run bun install --frozen-lockfile
2026-10-02T11:13:17.1034410Z [36;1mbun install --frozen-lockfile[0m
2026-10-02T11:13:17.1084020Z shell: /bin/bash -e {0}
2026-10-02T11:13:17.1084330Z ##[endgroup]
2026-10-02T11:13:17.1646940Z bun install v1.4.2 (744846f84)
2026-10-02T11:13:25.8195720Z 
2026-10-02T11:13:25.8198210Z + @angular/cli@22.1.8
2026-10-02T11:13:25.8198980Z + @modelcontextprotocol/sdk@1.30.0
2026-10-02T11:13:25.8199850Z + @socketsecurity/bun-security-scanner@1.1.2
2026-10-02T11:13:25.8201080Z + bun@1.4.2
2026-10-02T11:13:25.8202900Z + node@26.9.0
2026-10-02T11:13:25.8203800Z 
2026-10-02T11:13:25.8204290Z 324 packages installed [8.66s]
2026-10-02T11:13:25.8354520Z ##[group]Run xcodebuild -version
2026-10-02T11:13:25.8354870Z [36;1mxcodebuild -version[0m
2026-10-02T11:13:25.8395400Z shell: /bin/bash -e {0}
2026-10-02T11:13:25.8395660Z ##[endgroup]
2026-10-02T11:13:26.1725240Z Xcode 16.4
2026-10-02T11:13:26.1725820Z Build version 16F6
2026-10-02T11:13:26.1799610Z ##[group]Run bun run build:mac
2026-10-02T11:13:26.1800210Z [36;1mbun run build:mac[0m
2026-10-02T11:13:26.1850820Z shell: /bin/bash -e {0}
2026-10-02T11:13:26.1851120Z ##[endgroup]
2026-10-02T11:13:26.2300090Z $ bun tools/build-mac.ts
2026-10-02T11:13:26.3545840Z $ bun run --cwd src/web build
2026-10-02T11:13:26.3686860Z $ bun --bun ../../node_modules/@angular/cli/bin/ng.js build --base-href ./
2026-10-02T11:13:27.4267850Z ❯ Building...
2026-10-02T11:13:37.5540040Z ✔ Building...
2026-10-02T11:13:37.5542020Z Initial chunk files | Names                       |  Raw size | Estimated transfer size
2026-10-02T11:13:37.5542520Z main-MXDEM7QK.js    | main                        | 179.77 kB |                52.42 kB
2026-10-02T11:13:37.5543060Z styles-3L4SZE66.css | styles                      |  26.88 kB |                 4.63 kB
2026-10-02T11:13:37.5543460Z 
2026-10-02T11:13:37.5543660Z                     | Initial total               | 206.65 kB |                57.05 kB
2026-10-02T11:13:37.5544680Z 
2026-10-02T11:13:37.5545090Z Lazy chunk files    | Names                       |  Raw size | Estimated transfer size
2026-10-02T11:13:37.5546380Z chunk-B0-1qUU-.js   | -                           | 405.40 kB |                81.76 kB
2026-10-02T11:13:37.5546940Z chunk-D1tYZ3mH.js   | app                         | 332.97 kB |                81.92 kB
2026-10-02T11:13:37.5547580Z chunk-BBI9F0iF.js   | -                           |  55.97 kB |                13.87 kB
2026-10-02T11:13:37.5548180Z chunk-konv4QZC.js   | sugar-maple-chrome-specimen |   7.72 kB |                 2.38 kB
2026-10-02T11:13:37.5548710Z chunk-KiaBOeoR.js   | preview-application         |   2.50 kB |                 1.12 kB
2026-10-02T11:13:37.5549030Z 
2026-10-02T11:13:37.5549290Z Application bundle generation complete. [10.125 seconds] - 2026-10-02T11:13:37.552Z
2026-10-02T11:13:37.5550510Z 
2026-10-02T11:13:37.5616290Z [33m▲ [43;33m[[43;30mWARNING[43;33m][0m [1msrc/app/app.scss exceeded maximum budget. Budget 4.00 kB was not met by 3.65 kB with a total of 7.65 kB.[0m
2026-10-02T11:13:37.5632730Z 
2026-10-02T11:13:37.5634020Z Output location: /Users/runner/work/Sugar-Maple/Sugar-Maple/src/web/dist/sugar-maple-editor
2026-10-02T11:13:37.5661790Z 
2026-10-02T11:13:37.5661810Z 
2026-10-02T17:13:56.3581860Z ##[error]The operation was canceled.
2026-10-02T17:13:56.3928520Z Post job cleanup.
2026-10-02T17:13:57.4664390Z [command]/opt/homebrew/bin/git version
2026-10-02T17:13:57.5044100Z git version 2.55.0
2026-10-02T17:13:57.5115840Z Copying '/Users/runner/.gitconfig' to '/Users/runner/work/_temp/776de445-775f-4a13-90b6-cd899cd3b88e/.gitconfig'
2026-10-02T17:13:57.5170600Z Temporarily overriding HOME='/Users/runner/work/_temp/776de445-775f-4a13-90b6-cd899cd3b88e' before making global git config changes
2026-10-02T17:13:57.5179510Z Adding repository directory to the temporary git global config as a safe directory
2026-10-02T17:13:57.5211650Z [command]/opt/homebrew/bin/git config --global --add safe.directory /Users/runner/work/Sugar-Maple/Sugar-Maple
2026-10-02T17:13:57.5365860Z [command]/opt/homebrew/bin/git config --local --name-only --get-regexp core\.sshCommand
2026-10-02T17:13:57.5480790Z [command]/opt/homebrew/bin/git submodule foreach --recursive sh -c "git config --local --name-only --get-regexp 'core\.sshCommand' && git config --local --unset-all 'core.sshCommand' || :"
2026-10-02T17:13:57.6927510Z [command]/opt/homebrew/bin/git config --local --name-only --get-regexp http\.https\:\/\/github\.com\/\.extraheader
2026-10-02T17:13:57.6990970Z http.https://github.com/.extraheader
2026-10-02T17:13:57.7003640Z [command]/opt/homebrew/bin/git config --local --unset-all http.https://github.com/.extraheader
2026-10-02T17:13:57.7077970Z [command]/opt/homebrew/bin/git submodule foreach --recursive sh -c "git config --local --name-only --get-regexp 'http\.https\:\/\/github\.com\/\.extraheader' && git config --local --unset-all 'http.https://github.com/.extraheader' || :"
2026-10-02T17:13:57.8077560Z [command]/opt/homebrew/bin/git config --local --name-only --get-regexp ^includeIf\.gitdir:
2026-10-02T17:13:57.8176150Z [command]/opt/homebrew/bin/git submodule foreach --recursive git config --local --show-origin --name-only --get-regexp remote.origin.url
2026-10-02T17:13:57.9460850Z Cleaning up orphan processes
2026-10-02T17:13:59.3902620Z Terminate orphan process: pid (2761) (esbuild)
2026-10-02T17:13:59.4359760Z Terminate orphan process: pid (2755) (bun.exe)
2026-10-02T17:14:00.5793760Z ##[warning]Node.js 20 is deprecated. The following actions target Node.js 20 but are being forced to run on Node.js 24: actions/checkout@11d5960a326750d5838078e36cf38b85af677262. For more information see: https://github.blog/changelog/2025-09-19-deprecation-of-node-20-on-github-actions-runners/
