
> jules-pr-reviewer@1.0.0 test
> tsc && node --test tests/*.test.mjs

✔ progress and unfinished sessions never qualify as finished reviews (1.269958ms)
✔ transient cleanup retries are bounded and do not expose upstream bodies (14.095417ms)
✔ auth and permission failures do not retry; network timeout does (0.621042ms)
✔ publishes first, then deletes only the exact session with authentication (0.139708ms)
✔ publication failure retains the session (0.092208ms)
✔ 404 is an idempotent cleanup success (0.110083ms)
✔ cleanup failure reports the problem without rewriting the saved review (0.659875ms)
✔ invalid session IDs cannot change the API path (0.109917ms)
✔ a large archive cannot displace shipping source later in the diff (0.657083ms)
✔ preserves complete source hunks and refuses incomplete shipping review (0.474125ms)
✔ recognizes quoted paths and retains workflow changes before optional fixtures (0.591166ms)
✔ executable prototype code cannot be omitted to make an archive fit (0.202375ms)
✔ completed final verdict is accepted; live sessions never fabricate approval (0.978459ms)
✔ failed sessions stop immediately; completed sessions without verdict retain diagnosis (0.80775ms)
✔ new-session visibility and terminal failures use the same deadline and remain inspectable (0.251292ms)
✔ eventual activity visibility retries; auth fails promptly without exposing the upstream body (0.184958ms)
✔ unknown states and a spoofed terminal error never leak arbitrary API content (0.093458ms)
✔ cleanup requires a trusted published verdict/footer for the exact session (0.773792ms)
✔ timed-out sessions can be inspected but cannot be deleted (0.077875ms)
✔ a safe operational failure identifies its retained session for inspection only (0.079583ms)
✔ recovery rejects path injection, wrong repository/identity, invalid mode and PR number (0.938833ms)
✔ activity diagnostics expose counts without private messages or failure bodies (0.24525ms)
✔ opt-in artifacts require a complete final review and select chronologically, never by API page order (0.452042ms)
✔ artifact opt-ins are inspection-only, exclusive and off by default (0.168833ms)
✔ pending feedback can be inspected without completion or an inferred verdict (0.174791ms)
✔ manual reply binds to a complete unchanged pending question and rejects duplicate delivery (0.491792ms)
✔ reply submits exactly one authenticated JSON request to the validated original session (12.260459ms)
✔ reply never retries an uncertain or rejected POST and never exposes response/error bodies (1.3295ms)
✔ reply rejects path injection and invalid payloads before network access (0.120083ms)
✔ current edited description is used while the code head remains pinned (0.63ms)
✔ base or head movement during preparation cannot start a review on stale context (0.119125ms)
✔ merge-base metadata selects complete committed trees without trusting file patches (0.140625ms)
✔ current branch ref replaces cached PR base SHA and movement rejects before review (0.149375ms)
✔ complete exact-tree diff handles over 20,000 archive lines and preserves prototype source (128.173541ms)
✔ revision options cannot become Git options or executable shell text (0.453208ms)
✔ authentication stays in child configuration, without changing parent environment (0.111958ms)
✔ blank and hostile upstream failures give an actionable operation without exposing bodies (0.115875ms)
✔ the observed inline-comment/final-block review publishes a blocking status (1.192416ms)
✔ fenced, quoted, indented and HTML-comment examples cannot select a verdict (0.133833ms)
✔ missing, conflicting, duplicate, malformed and nonterminal verdicts fail closed (0.091833ms)
✔ supported plain/backtick verdicts, CRLF, case and configured status policies remain intact (0.101167ms)
✔ publication reference and recovered artifact use the same final-verdict policy (0.34175ms)
✔ polling accepts the actual blocking review and retains ambiguous completed sessions (0.473041ms)
ℹ tests 43
ℹ suites 0
ℹ pass 43
ℹ fail 0
ℹ cancelled 0
ℹ skipped 0
ℹ todo 0
ℹ duration_ms 175.691125
