
> jules-pr-reviewer@1.0.0 test
> tsc && node --test tests/*.test.mjs

✔ progress and unfinished sessions never qualify as finished reviews (1.35675ms)
✔ transient cleanup retries are bounded and do not expose upstream bodies (14.830125ms)
✔ auth and permission failures do not retry; network timeout does (0.6495ms)
✔ publishes first, then deletes only the exact session with authentication (0.196084ms)
✔ publication failure retains the session (0.106167ms)
✔ 404 is an idempotent cleanup success (0.072542ms)
✔ cleanup failure reports the problem without rewriting the saved review (0.202333ms)
✔ invalid session IDs cannot change the API path (0.534333ms)
✔ a large archive cannot displace shipping source later in the diff (0.665875ms)
✔ preserves complete source hunks and refuses incomplete shipping review (0.471667ms)
✔ recognizes quoted paths and retains workflow changes before optional fixtures (0.539209ms)
✔ executable prototype code cannot be omitted to make an archive fit (0.089375ms)
✔ completed final verdict is accepted; live sessions never fabricate approval (1.074708ms)
✔ failed sessions stop immediately; completed sessions without verdict retain diagnosis (0.813834ms)
✔ new-session visibility and terminal failures use the same deadline and remain inspectable (0.291958ms)
✔ eventual activity visibility retries; auth fails promptly without exposing the upstream body (0.248417ms)
✔ unknown states and a spoofed terminal error never leak arbitrary API content (0.1025ms)
✔ cleanup requires a trusted published verdict/footer for the exact session (0.908ms)
✔ timed-out sessions can be inspected but cannot be deleted (0.068416ms)
✖ a safe operational failure identifies its retained session for inspection only (0.545917ms)
✔ recovery rejects path injection, wrong repository/identity, invalid mode and PR number (0.955ms)
✔ activity diagnostics expose counts without private messages or failure bodies (0.152083ms)
✔ opt-in artifacts require a complete final review and select chronologically, never by API page order (0.318459ms)
✔ artifact opt-ins are inspection-only, exclusive and off by default (0.088125ms)
✔ pending feedback can be inspected without completion or an inferred verdict (0.106792ms)
✔ manual reply binds to a complete unchanged pending question and rejects duplicate delivery (0.500416ms)
✔ reply submits exactly one authenticated JSON request to the validated original session (13.315916ms)
✔ reply never retries an uncertain or rejected POST and never exposes response/error bodies (1.145875ms)
✔ reply rejects path injection and invalid payloads before network access (0.163625ms)
✔ current edited description is used while the code head remains pinned (0.852916ms)
✔ base or head movement during preparation cannot start a review on stale context (0.121791ms)
✔ merge-base metadata selects complete committed trees without trusting file patches (0.074709ms)
✔ current branch ref replaces cached PR base SHA and movement rejects before review (0.086084ms)
✔ complete exact-tree diff handles over 20,000 archive lines and preserves prototype source (136.545083ms)
✔ revision options cannot become Git options or executable shell text (0.454084ms)
✔ authentication stays in child configuration, without changing parent environment (0.129417ms)
✔ blank and hostile upstream failures give an actionable operation without exposing bodies (0.110708ms)
✔ the observed inline-comment/final-block review publishes a blocking status (1.1865ms)
✔ fenced, quoted, indented and HTML-comment examples cannot select a verdict (0.568917ms)
✔ missing, conflicting, duplicate, malformed and nonterminal verdicts fail closed (0.117625ms)
✔ supported plain/backtick verdicts, CRLF, case and configured status policies remain intact (0.081958ms)
✔ publication reference and recovered artifact use the same final-verdict policy (0.295084ms)
✔ polling accepts the actual blocking review and retains ambiguous completed sessions (0.476ms)
ℹ tests 43
ℹ suites 0
ℹ pass 42
ℹ fail 1
ℹ cancelled 0
ℹ skipped 0
ℹ todo 0
ℹ duration_ms 189.9855

✖ failing tests:

test at tests/recovery.test.mjs:23:1
✖ a safe operational failure identifies its retained session for inspection only (0.545917ms)
  AssertionError [ERR_ASSERTION]: Expected values to be strictly equal:
  
  false !== true
  
      at TestContext.<anonymous> (file:///Users/riabuz/Projects/_Sugar%20Maple/.github/actions/jules-review/tests/recovery.test.mjs:26:10)
      at Test.runInAsyncScope (node:async_hooks:226:14)
      at Test.run (node:internal/test_runner/test:1402:25)
      at Test.processPendingSubtests (node:internal/test_runner/test:974:18)
      at Test.postRun (node:internal/test_runner/test:1542:19)
      at Test.run (node:internal/test_runner/test:1467:12)
      at async Test.processPendingSubtests (node:internal/test_runner/test:974:7) {
    generatedMessage: true,
    code: 'ERR_ASSERTION',
    actual: false,
    expected: true,
    operator: 'strictEqual',
    diff: 'simple'
  }
