PASS: create artboard/text/pages, edit, pointer drag, inspect code, recover on reload; no browser errors
PASS: real canvas pixels, no authored design DOM, typed errors, asset diagnostics, cross-page inspector, dissolve animation, Back and unchanged preview revision
PASS: actual canvas and native DOM preview geometry agree for free, stack, grid, border/padding, fixed/fill/hug/percent and text measurement
PASS typography: 1 CSS-pixel geometry tolerance; bundled/local/missing font diagnostics; inspector authoring [{"width":1440,"maxDelta":7.105427357601002e-15},{"width":834,"maxDelta":1.1368683772161603e-13},{"width":393,"maxDelta":4.973799150320701e-14}]
PASS: 1,000/5,000-node documents render on one canvas, cull offscreen nodes and stay below the local 250ms flush regression ceiling
[{"nodes":1000,"drawn":110,"total":1000,"paintMs":0.7000000476837158,"frames":4,"flushMs":0.7999999523162842,"framesSince":1},{"nodes":5000,"drawn":209,"total":5000,"paintMs":1.5,"frames":6,"flushMs":1.5999999046325684,"framesSince":1}]
PASS: native toolbar hidden, shared New/Open/Save/Save As routing, dirty page-only cancellation, cancelled picker preservation, no duplicate native save shortcut (stubbed native I/O)
PASS: real IndexedDB autosave, New preserves previous document, posted feedback survives reload
PASS: tab creation, isolated content/undo, double-click/F2 rename, Escape, close preserves saved file, centered modes
PASS: Shift selection, grouped pointer move, transparent group, independent undo, marquee, delete and restore
PASS: responsive stack at mobile width, preview navigation/back without document mutation, real IndexedDB recovery
PASS: offline typed/password/disabled forms, overlay close/Escape/focus trap/restoration, reduced motion, retained navigation values, reset without authored mutation, and deleted-destination diagnostics
PASS: offline custom viewport validation, nested component Inspect without action/input mutation, ephemeral reset, authoring focus/checkpoint preservation, isolated bootstrap/feed/live values/stale snapshot rejection and disposal
PASS: SVG import, actual path rendering, SVG code and PNG download, script-bearing SVG rejection
PASS: generated Angular strict-template consumer compiles; Tailwind 4 compiles classes and renders matching semantic HTML geometry without Maple
PASS: Maple phone design reconstructed as 37 editable nodes, gradients/path geometry exported, text edit recovered and undone
PASS: create component variant, insert instance, switch state, override and reset, recover developer identity
PASS: real CSV/JSON file UI, named mappings, preview/cancel, empty/oversized/corrupt data rejection without mutation, explicit truncation, one-batch import, stable resizing, template editing, native-ready agent decode rejection, offline image preview and strict Angular/Tailwind/HTML/SVG consumers
PASS: real manifest file validation/preview/cancel, atomic import, library picker, typed props/variants/local overrides, reload identity and mapped export targets
PASS: exact Web Awesome 3.14.0 declarations compile; generated Button/Input/Card imports bundle and render offline with real shadow controls, values, slots and declared card spacing
PASS: create/move/collapse/rename folders, inherit folder for new pages, reload and undo folder removal without deleting pages
PASS: pinned placement, current-page isolation, bubble navigation/highlight, zoom projection, resolve/reply/reopen, persisted anchor, agent resolution and cancellation
