bun test v1.4.2 (744846f84)

prototypes/library-preview/scene-contract.test.ts:
(pass) the bounded library scene carries resolved authored geometry and named slots without mutating the source [18.12ms]
(pass) source token bindings, local overrides and nested slots survive projection and one-step source undo [7.24ms]
(pass) resolved responsive boxes and nested rotations are carried instead of replacing them with package intrinsic sizes [3.11ms]
(pass) native style gaps return actionable diagnostics before replacing a supported scene [2.67ms]
(pass) scene packets reject inconsistent graphs, unsupported source, privileged keys and aggregate payload excess [8.67ms]

prototypes/library-preview/contract.test.ts:
(pass) preview shares the real pinned manifest types, variants and bounds [0.47ms]
(pass) preview messages reject privileged methods, paths, extra keys, wrong versions and unbounded payloads [0.63ms]

 7 pass
 0 fail
 55 expect() calls
Ran 7 tests across 2 files. [294.00ms]
{"passed":true,"package":{"name":"@awesome.me/webawesome","version":"3.14.0"},"hashes":{"runtime.js":{"bytes":278666,"sha256":"368b116c136362860bef6a52c7376fb3dd76c133b13dbc8d11cd38c9d538b175"},"runtime.css":{"bytes":155312,"sha256":"f15ad9222cd24a7a5d24b52ad66f3e8520ee259b11a7215a2beb157208cd4cae"},"host.js":{"bytes":101234,"sha256":"6752c5af365ac8f0784ba62d2b982c81be39c5652c6296c33c99f9c8436ce25f"},"host.css":{"bytes":2228,"sha256":"a24540b648d3e441dc8d5daff81c490da0b96b516402398f7a2169fd665fc9b4"},"semantic.html":{"bytes":3044,"sha256":"b4f5734f42e9131109a5fde7fb89b259f3b8bd8fedb740039ff6fef58d25dd05"},"fixture.json":{"bytes":23547,"sha256":"3b9a2f3b09784333cfec61c75142bcc3645e3f5d9c0fb0d14138ef3230ead54e"}}}
PASS: browser-test.ts stops its server when the browser launch boundary throws
PASS: browser-test.ts stops its server when the browser close boundary throws
PASS: compare.ts stops its server when the browser launch boundary throws
PASS: compare.ts stops its server when the browser close boundary throws
PASS: report-test.ts stops its server when the browser launch boundary throws
PASS: report-test.ts stops its server when the browser close boundary throws
PASS: isolated real Web Awesome controls, typed props/events, denied parent/storage/network/bridge, stale rejection, malformed input, opt-in/stop and offline rendering
PASS: authored geometry and actual package slots/variants/token/overrides, accessible typed events, ephemeral update/undo/reset, disabled/rejection/stop and offline scene rendering
